I'm sorry, but errors were detected in your script. Please correct the
errors listed below, and try again.


File "game/astra_quest.rpy", line 11: choice menuitem expects a non-empty block.
    "Take the item to save face.":
                                  ^

File "game/script.rpy", line 99: choice menuitem expects a non-empty block.
    "Turn the page over?":
                          ^

Ren'Py Version: Ren'Py 8.3.4.24120703
Sun May 25 01:52:59 2025
